season 9: 34737 inventoried, 1828 on disk, 32909 to fetch
unique tables: 34737; cached: 1828; missing: 32909
fetched missing replays: 100/32909
fetched missing replays: 200/32909
fetched missing replays: 300/32909
fetched missing replays: 400/32909
fetched missing replays: 500/32909
fetched missing replays: 600/32909
fetched missing replays: 700/32909
fetched missing replays: 800/32909
fetched missing replays: 900/32909
fetched missing replays: 1000/32909
fetched missing replays: 1100/32909
fetched missing replays: 1200/32909
fetched missing replays: 1300/32909
fetched missing replays: 1400/32909
fetched missing replays: 1500/32909
fetched missing replays: 1600/32909
fetched missing replays: 1700/32909
fetched missing replays: 1800/32909
fetched missing replays: 1900/32909
fetched missing replays: 2000/32909
fetched missing replays: 2100/32909
fetched missing replays: 2200/32909
fetched missing replays: 2300/32909
fetched missing replays: 2400/32909
fetched missing replays: 2500/32909
fetched missing replays: 2600/32909
fetched missing replays: 2700/32909
fetched missing replays: 2800/32909
fetched missing replays: 2900/32909
fetched missing replays: 3000/32909
fetched missing replays: 3100/32909
fetched missing replays: 3200/32909
fetched missing replays: 3300/32909
fetched missing replays: 3400/32909
fetched missing replays: 3500/32909
fetched missing replays: 3600/32909
fetched missing replays: 3700/32909
fetched missing replays: 3800/32909
fetched missing replays: 3900/32909
fetched missing replays: 4000/32909
fetched missing replays: 4100/32909
fetched missing replays: 4200/32909
fetched missing replays: 4300/32909
fetched missing replays: 4400/32909
fetched missing replays: 4500/32909
fetched missing replays: 4600/32909
fetched missing replays: 4700/32909
fetched missing replays: 4800/32909
fetched missing replays: 4900/32909
fetched missing replays: 5000/32909
fetched missing replays: 5100/32909
fetched missing replays: 5200/32909
fetched missing replays: 5300/32909
fetched missing replays: 5400/32909
fetched missing replays: 5500/32909
fetched missing replays: 5600/32909
fetched missing replays: 5700/32909
fetched missing replays: 5800/32909
fetched missing replays: 5900/32909
fetched missing replays: 6000/32909
fetched missing replays: 6100/32909
fetched missing replays: 6200/32909
fetched missing replays: 6300/32909
fetched missing replays: 6400/32909
fetched missing replays: 6500/32909
fetched missing replays: 6600/32909
fetched missing replays: 6700/32909
fetched missing replays: 6800/32909
fetched missing replays: 6900/32909
fetched missing replays: 7000/32909
fetched missing replays: 7100/32909
fetched missing replays: 7200/32909
fetched missing replays: 7300/32909
fetched missing replays: 7400/32909
fetched missing replays: 7500/32909
fetched missing replays: 7600/32909
fetched missing replays: 7700/32909
fetched missing replays: 7800/32909
fetched missing replays: 7900/32909
fetched missing replays: 8000/32909
fetched missing replays: 8100/32909
fetched missing replays: 8200/32909
fetched missing replays: 8300/32909
fetched missing replays: 8400/32909
fetched missing replays: 8500/32909
fetched missing replays: 8600/32909
fetched missing replays: 8700/32909
fetched missing replays: 8800/32909
fetched missing replays: 8900/32909
fetched missing replays: 9000/32909
fetched missing replays: 9100/32909
fetched missing replays: 9200/32909
fetched missing replays: 9300/32909
fetched missing replays: 9400/32909
fetched missing replays: 9500/32909
fetched missing replays: 9600/32909
fetched missing replays: 9700/32909
fetched missing replays: 9800/32909
fetched missing replays: 9900/32909
fetched missing replays: 10000/32909
fetched missing replays: 10100/32909
fetched missing replays: 10200/32909
fetched missing replays: 10300/32909
fetched missing replays: 10400/32909
fetched missing replays: 10500/32909
fetched missing replays: 10600/32909
fetched missing replays: 10700/32909
fetched missing replays: 10800/32909
fetched missing replays: 10900/32909
fetched missing replays: 11000/32909
fetched missing replays: 11100/32909
fetched missing replays: 11200/32909
fetched missing replays: 11300/32909
fetched missing replays: 11400/32909
fetched missing replays: 11500/32909
fetched missing replays: 11600/32909
fetched missing replays: 11700/32909
fetched missing replays: 11800/32909
fetched missing replays: 11900/32909
fetched missing replays: 12000/32909
fetched missing replays: 12100/32909
fetched missing replays: 12200/32909
fetched missing replays: 12300/32909
fetched missing replays: 12400/32909
fetched missing replays: 12500/32909
fetched missing replays: 12600/32909
fetched missing replays: 12700/32909
fetched missing replays: 12800/32909
fetched missing replays: 12900/32909
fetched missing replays: 13000/32909
fetched missing replays: 13100/32909
fetched missing replays: 13200/32909
fetched missing replays: 13300/32909
fetched missing replays: 13400/32909
fetched missing replays: 13500/32909
fetched missing replays: 13600/32909
fetched missing replays: 13700/32909
fetched missing replays: 13800/32909
fetched missing replays: 13900/32909
fetched missing replays: 14000/32909
fetched missing replays: 14100/32909
fetched missing replays: 14200/32909
fetched missing replays: 14300/32909
fetched missing replays: 14400/32909
fetched missing replays: 14500/32909
fetched missing replays: 14600/32909
fetched missing replays: 14700/32909
fetched missing replays: 14800/32909
fetched missing replays: 14900/32909
fetched missing replays: 15000/32909
fetched missing replays: 15100/32909
fetched missing replays: 15200/32909
fetched missing replays: 15300/32909
fetched missing replays: 15400/32909
fetched missing replays: 15500/32909
fetched missing replays: 15600/32909
fetched missing replays: 15700/32909
fetched missing replays: 15800/32909
fetched missing replays: 15900/32909
fetched missing replays: 16000/32909
fetched missing replays: 16100/32909
fetched missing replays: 16200/32909
fetched missing replays: 16300/32909
fetched missing replays: 16400/32909
fetched missing replays: 16500/32909
fetched missing replays: 16600/32909
fetched missing replays: 16700/32909
fetched missing replays: 16800/32909
fetched missing replays: 16900/32909
fetched missing replays: 17000/32909
fetched missing replays: 17100/32909
fetched missing replays: 17200/32909
fetched missing replays: 17300/32909
fetched missing replays: 17400/32909
fetched missing replays: 17500/32909
fetched missing replays: 17600/32909
fetched missing replays: 17700/32909
fetched missing replays: 17800/32909
fetched missing replays: 17900/32909
fetched missing replays: 18000/32909
fetched missing replays: 18100/32909
fetched missing replays: 18200/32909
fetched missing replays: 18300/32909
fetched missing replays: 18400/32909
fetched missing replays: 18500/32909
fetched missing replays: 18600/32909
fetched missing replays: 18700/32909
fetched missing replays: 18800/32909
fetched missing replays: 18900/32909
fetched missing replays: 19000/32909
fetched missing replays: 19100/32909
fetched missing replays: 19200/32909
fetched missing replays: 19300/32909
fetched missing replays: 19400/32909
fetched missing replays: 19500/32909
fetched missing replays: 19600/32909
fetched missing replays: 19700/32909
fetched missing replays: 19800/32909
fetched missing replays: 19900/32909
fetched missing replays: 20000/32909
fetched missing replays: 20100/32909
fetched missing replays: 20200/32909
fetched missing replays: 20300/32909
fetched missing replays: 20400/32909
fetched missing replays: 20500/32909
fetched missing replays: 20600/32909
fetched missing replays: 20700/32909
fetched missing replays: 20800/32909
fetched missing replays: 20900/32909
fetched missing replays: 21000/32909
fetched missing replays: 21100/32909
fetched missing replays: 21200/32909
fetched missing replays: 21300/32909
fetched missing replays: 21400/32909
fetched missing replays: 21500/32909
fetched missing replays: 21600/32909
fetched missing replays: 21700/32909
fetched missing replays: 21800/32909
fetched missing replays: 21900/32909
fetched missing replays: 22000/32909
fetched missing replays: 22100/32909
fetched missing replays: 22200/32909
fetched missing replays: 22300/32909
fetched missing replays: 22400/32909
fetched missing replays: 22500/32909
fetched missing replays: 22600/32909
fetched missing replays: 22700/32909
fetched missing replays: 22800/32909
fetched missing replays: 22900/32909
fetched missing replays: 23000/32909
fetched missing replays: 23100/32909
fetched missing replays: 23200/32909
fetched missing replays: 23300/32909
fetched missing replays: 23400/32909
fetched missing replays: 23500/32909
fetched missing replays: 23600/32909
fetched missing replays: 23700/32909
fetched missing replays: 23800/32909
fetched missing replays: 23900/32909
fetched missing replays: 24000/32909
fetched missing replays: 24100/32909
fetched missing replays: 24200/32909
fetched missing replays: 24300/32909
fetched missing replays: 24400/32909
fetched missing replays: 24500/32909
fetched missing replays: 24600/32909
fetched missing replays: 24700/32909
fetched missing replays: 24800/32909
fetched missing replays: 24900/32909
fetched missing replays: 25000/32909
fetched missing replays: 25100/32909
fetched missing replays: 25200/32909
fetched missing replays: 25300/32909
fetched missing replays: 25400/32909
fetched missing replays: 25500/32909
fetched missing replays: 25600/32909
fetched missing replays: 25700/32909
fetched missing replays: 25800/32909
fetched missing replays: 25900/32909
fetched missing replays: 26000/32909
fetched missing replays: 26100/32909
fetched missing replays: 26200/32909
fetched missing replays: 26300/32909
fetched missing replays: 26400/32909
fetched missing replays: 26500/32909
fetched missing replays: 26600/32909
fetched missing replays: 26700/32909
fetched missing replays: 26800/32909
fetched missing replays: 26900/32909
fetched missing replays: 27000/32909
fetched missing replays: 27100/32909
fetched missing replays: 27200/32909
fetched missing replays: 27300/32909
fetched missing replays: 27400/32909
fetched missing replays: 27500/32909
fetched missing replays: 27600/32909
fetched missing replays: 27700/32909
fetched missing replays: 27800/32909
fetched missing replays: 27900/32909
fetched missing replays: 28000/32909
fetched missing replays: 28100/32909
fetched missing replays: 28200/32909
fetched missing replays: 28300/32909
fetched missing replays: 28400/32909
fetched missing replays: 28500/32909
fetched missing replays: 28600/32909
fetched missing replays: 28700/32909
fetched missing replays: 28800/32909
fetched missing replays: 28900/32909
fetched missing replays: 29000/32909
fetched missing replays: 29100/32909
fetched missing replays: 29200/32909
fetched missing replays: 29300/32909
fetched missing replays: 29400/32909
fetched missing replays: 29500/32909
fetched missing replays: 29600/32909
fetched missing replays: 29700/32909
fetched missing replays: 29800/32909
fetched missing replays: 29900/32909
fetched missing replays: 30000/32909
fetched missing replays: 30100/32909
fetched missing replays: 30200/32909
fetched missing replays: 30300/32909
fetched missing replays: 30400/32909
fetched missing replays: 30500/32909
fetched missing replays: 30600/32909
fetched missing replays: 30700/32909
fetched missing replays: 30800/32909
fetched missing replays: 30900/32909
fetched missing replays: 31000/32909
fetched missing replays: 31100/32909
fetched missing replays: 31200/32909
fetched missing replays: 31300/32909
fetched missing replays: 31400/32909
fetched missing replays: 31500/32909
fetched missing replays: 31600/32909
fetched missing replays: 31700/32909
fetched missing replays: 31800/32909
fetched missing replays: 31900/32909
fetched missing replays: 32000/32909
fetched missing replays: 32100/32909
fetched missing replays: 32200/32909
fetched missing replays: 32300/32909
fetched missing replays: 32400/32909
fetched missing replays: 32500/32909
fetched missing replays: 32600/32909
fetched missing replays: 32700/32909
fetched missing replays: 32800/32909
fetched missing replays: 32900/32909
fetched missing replays: 32909/32909
[
  {
    "collection": "20260812T082657Z_poker-playground_s9_top15",
    "season": 9,
    "agent_scope": "manifest",
    "agents_in_scope": 15,
    "agents_added_from_archive": [],
    "fetch": {
      "requested": 32909,
      "fetched": 32909,
      "still_missing": 0,
      "seconds": 5406.3
    }
  }
]
wrote artifacts\training-runs\foreign-backfill-fetch-s9.json
