Looking in indexes: https://download.pytorch.org/whl/cu130
Collecting torch==2.13.0+cu130
  Using cached https://download-r2.pytorch.org/whl/cu130/torch-2.13.0%2Bcu130-cp311-cp311-win_amd64.whl.metadata (39 kB)
Collecting filelock (from torch==2.13.0+cu130)
  Downloading filelock-3.29.0-py3-none-any.whl.metadata (2.0 kB)
Collecting typing-extensions>=4.10.0 (from torch==2.13.0+cu130)
  Using cached typing_extensions-4.15.0-py3-none-any.whl.metadata (3.3 kB)
Collecting setuptools>=77.0.3 (from torch==2.13.0+cu130)
  Downloading https://download.pytorch.org/whl/setuptools-78.1.0-py3-none-any.whl.metadata (6.6 kB)
Collecting sympy>=1.13.3 (from torch==2.13.0+cu130)
  Using cached sympy-1.14.0-py3-none-any.whl.metadata (12 kB)
Collecting networkx>=2.5.1 (from torch==2.13.0+cu130)
  Using cached networkx-3.6.1-py3-none-any.whl.metadata (6.8 kB)
Collecting jinja2 (from torch==2.13.0+cu130)
  Downloading https://download.pytorch.org/whl/jinja2-3.1.6-py3-none-any.whl.metadata (2.9 kB)
Collecting fsspec>=0.8.5 (from torch==2.13.0+cu130)
  Downloading fsspec-2026.4.0-py3-none-any.whl.metadata (10 kB)
Collecting mpmath<1.4,>=1.1.0 (from sympy>=1.13.3->torch==2.13.0+cu130)
  Using cached mpmath-1.3.0-py3-none-any.whl.metadata (8.6 kB)
Collecting MarkupSafe>=2.0 (from jinja2->torch==2.13.0+cu130)
  Downloading https://download.pytorch.org/whl/markupsafe-3.0.3-cp311-cp311-win_amd64.whl.metadata (2.8 kB)
Using cached https://download-r2.pytorch.org/whl/cu130/torch-2.13.0%2Bcu130-cp311-cp311-win_amd64.whl (1915.5 MB)
Downloading fsspec-2026.4.0-py3-none-any.whl (203 kB)
   ---------------------------------------- 203.4/203.4 kB 2.5 MB/s eta 0:00:00
Using cached networkx-3.6.1-py3-none-any.whl (2.1 MB)
Downloading https://download.pytorch.org/whl/setuptools-78.1.0-py3-none-any.whl (1.3 MB)
   ---------------------------------------- 1.3/1.3 MB 15.8 MB/s eta 0:00:00
Using cached sympy-1.14.0-py3-none-any.whl (6.3 MB)
Using cached typing_extensions-4.15.0-py3-none-any.whl (44 kB)
Downloading filelock-3.29.0-py3-none-any.whl (39 kB)
Downloading https://download.pytorch.org/whl/jinja2-3.1.6-py3-none-any.whl (134 kB)
   ---------------------------------------- 134.9/134.9 kB ? eta 0:00:00
Downloading https://download.pytorch.org/whl/markupsafe-3.0.3-cp311-cp311-win_amd64.whl (15 kB)
Using cached mpmath-1.3.0-py3-none-any.whl (536 kB)
Installing collected packages: mpmath, typing-extensions, sympy, setuptools, networkx, MarkupSafe, fsspec, filelock, jinja2, torch
  Attempting uninstall: mpmath
    Found existing installation: mpmath 1.3.0
    Uninstalling mpmath-1.3.0:
      Successfully uninstalled mpmath-1.3.0
  Attempting uninstall: typing-extensions
    Found existing installation: typing_extensions 4.16.0
    Uninstalling typing_extensions-4.16.0:
      Successfully uninstalled typing_extensions-4.16.0
  Attempting uninstall: sympy
    Found existing installation: sympy 1.14.0
    Uninstalling sympy-1.14.0:
      Successfully uninstalled sympy-1.14.0
  Attempting uninstall: setuptools
    Found existing installation: setuptools 83.0.0
    Uninstalling setuptools-83.0.0:
      Successfully uninstalled setuptools-83.0.0
  Attempting uninstall: networkx
    Found existing installation: networkx 3.6.1
    Uninstalling networkx-3.6.1:
      Successfully uninstalled networkx-3.6.1
  Attempting uninstall: MarkupSafe
    Found existing installation: MarkupSafe 3.0.3
    Uninstalling MarkupSafe-3.0.3:
      Successfully uninstalled MarkupSafe-3.0.3
  Attempting uninstall: fsspec
    Found existing installation: fsspec 2026.6.0
    Uninstalling fsspec-2026.6.0:
      Successfully uninstalled fsspec-2026.6.0
  Attempting uninstall: filelock
    Found existing installation: filelock 3.32.2
    Uninstalling filelock-3.32.2:
      Successfully uninstalled filelock-3.32.2
  Attempting uninstall: jinja2
    Found existing installation: Jinja2 3.1.6
    Uninstalling Jinja2-3.1.6:
      Successfully uninstalled Jinja2-3.1.6
  Attempting uninstall: torch
    Found existing installation: torch 2.13.0
    Uninstalling torch-2.13.0:
      Successfully uninstalled torch-2.13.0
Successfully installed MarkupSafe-3.0.3 filelock-3.29.0 fsspec-2026.4.0 jinja2-3.1.6 mpmath-1.3.0 networkx-3.6.1 setuptools-78.1.0 sympy-1.14.0 torch-2.13.0+cu130 typing-extensions-4.15.0
